******************************************************************************
                  TI ARM Linker PC v16.9.6                     
******************************************************************************
>> Linked Sun Dec 15 15:48:24 2019

OUTPUT FILE NAME:   <DigitalCanvas.out>
ENTRY POINT SYMBOL: "_c_int00"  address: 00000f9d


MEMORY CONFIGURATION

         name            origin    length      used     unused   attr    fill
----------------------  --------  ---------  --------  --------  ----  --------
  FLASH                 00000000   00040000  0000112d  0003eed3  R  X
  SRAM                  20000000   00008000  00000284  00007d7c  RW X


SEGMENT ALLOCATION MAP

run origin  load origin   length   init length attrs members
----------  ----------- ---------- ----------- ----- -------
00000000    00000000    00001134   00001134    r-x
  00000000    00000000    0000026c   0000026c    r-- .intvecs
  0000026c    0000026c    00000e72   00000e72    r-x .text
  000010de    000010de    0000000b   0000000b    r-- .const
  000010f0    000010f0    00000044   00000044    r-- .cinit
20000000    20000000    00000284   00000000    rw-
  20000000    20000000    00000200   00000000    rw- .stack
  20000200    20000200    00000084   00000000    rw- .data


SECTION ALLOCATION MAP

 output                                  attributes/
section   page    origin      length       input sections
--------  ----  ----------  ----------   ----------------
.intvecs   0    00000000    0000026c     
                  00000000    0000026c     tm4c123gh6pm_startup_ccs.obj (.intvecs)

.text      0    0000026c    00000e72     
                  0000026c    00000944     main.obj (.text)
                  00000bb0    00000164     Serial.obj (.text)
                  00000d14    00000114     timer.obj (.text)
                  00000e28    0000009c     rtsv7M4_T_le_v4SPD16_eabi.lib : memcpy_t2.obj (.text)
                  00000ec4    00000070                                   : autoinit.obj (.text)
                  00000f34    00000068                                   : copy_decompress_lzss.obj (.text:decompress:lzss)
                  00000f9c    00000054                                   : boot.obj (.text)
                  00000ff0    00000054                                   : exit.obj (.text)
                  00001044    0000004c                                   : cpy_tbl.obj (.text)
                  00001090    00000018                                   : args_main.obj (.text)
                  000010a8    00000014                                   : _lock.obj (.text)
                  000010bc    0000000e                                   : copy_decompress_none.obj (.text:decompress:none)
                  000010ca    0000000c     tm4c123gh6pm_startup_ccs.obj (.text)
                  000010d6    00000004     rtsv7M4_T_le_v4SPD16_eabi.lib : pre_init.obj (.text)
                  000010da    00000002                                   : mpu_init.obj (.text)
                  000010dc    00000002                                   : startup.obj (.text)

.const     0    000010de    0000000b     
                  000010de    0000000b     Serial.obj (.const:.string:$P$T0$1)

.cinit     0    000010f0    00000044     
                  000010f0    00000031     (.cinit..data.load) [load image, compression = lzss]
                  00001121    00000003     --HOLE-- [fill = 0]
                  00001124    00000008     (__TI_handler_table)
                  0000112c    00000008     (__TI_cinit_table)

.init_array 
*          0    00000000    00000000     UNINITIALIZED

.stack     0    20000000    00000200     UNINITIALIZED
                  20000000    00000200     --HOLE--

.data      0    20000200    00000084     UNINITIALIZED
                  20000200    0000006c     main.obj (.data)
                  2000026c    0000000c     rtsv7M4_T_le_v4SPD16_eabi.lib : exit.obj (.data:$O1$$)
                  20000278    00000008                                   : _lock.obj (.data:$O1$$)
                  20000280    00000004                                   : stkdepth_vars.obj (.data)

MODULE SUMMARY

       Module                         code   ro data   rw data
       ------                         ----   -------   -------
    .\
       main.obj                       2372   0         108    
       tm4c123gh6pm_startup_ccs.obj   12     620       0      
       Serial.obj                     356    11        0      
       timer.obj                      276    0         0      
    +--+------------------------------+------+---------+---------+
       Total:                         3016   631       108    
                                                              
    C:\TexasInstruments\ccsv7\tools\compiler\ti-cgt-arm_16.9.6.LTS\lib\rtsv7M4_T_le_v4SPD16_eabi.lib
       memcpy_t2.obj                  156    0         0      
       autoinit.obj                   112    0         0      
       copy_decompress_lzss.obj       104    0         0      
       exit.obj                       84     0         12     
       boot.obj                       84     0         0      
       cpy_tbl.obj                    76     0         0      
       _lock.obj                      20     0         8      
       args_main.obj                  24     0         0      
       copy_decompress_none.obj       14     0         0      
       pre_init.obj                   4      0         0      
       stkdepth_vars.obj              0      0         4      
       mpu_init.obj                   2      0         0      
       startup.obj                    2      0         0      
    +--+------------------------------+------+---------+---------+
       Total:                         682    0         24     
                                                              
       Stack:                         0      0         512    
       Linker Generated:              0      65        0      
    +--+------------------------------+------+---------+---------+
       Grand Total:                   3698   696       644    


LINKER GENERATED COPY TABLES

__TI_cinit_table @ 0000112c records: 1, size/record: 8, table size: 8
	.data: load addr=000010f0, load size=00000031 bytes, run addr=20000200, run size=00000084 bytes, compression=lzss


LINKER GENERATED HANDLER TABLE

__TI_handler_table @ 00001124 records: 2, size/record: 4, table size: 8
	index: 0, handler: __TI_decompress_lzss
	index: 1, handler: __TI_decompress_none


GLOBAL SYMBOLS: SORTED ALPHABETICALLY BY Name 

address   name                           
-------   ----                           
00000ff1  C$$EXIT                        
00000475  Init                           
0000026d  PLLInit                        
000010cb  ResetISR                       
UNDEFED   SHT$$INIT_ARRAY$$Base          
UNDEFED   SHT$$INIT_ARRAY$$Limit         
00000c0f  SerialWrite                    
00000c71  SerialWriteInt                 
00000c41  SerialWriteLine                
00000bb1  SetupSerial                    
00000d31  SysTick_Wait                   
00000d9d  SysTick_Wait100microsec        
00000dc5  SysTick_Wait10microsec         
00000d51  SysTick_Wait10ms               
00000ded  SysTick_Wait1microsec          
00000d77  SysTick_Wait1ms                
00000d15  SystickInit                    
00000513  Timer0A_Handler                
00000347  Timer1A_Init                   
000003ab  Timer2A_Init                   
0000040f  TimerInit                      
20000200  __STACK_END                    
00000200  __STACK_SIZE                   
20000200  __STACK_TOP                    
0000112c  __TI_CINIT_Base                
00001134  __TI_CINIT_Limit               
00001124  __TI_Handler_Table_Base        
0000112c  __TI_Handler_Table_Limit       
00000ec5  __TI_auto_init                 
2000026c  __TI_cleanup_ptr               
00000f35  __TI_decompress_lzss           
000010bd  __TI_decompress_none           
20000270  __TI_dtors_ptr                 
20000274  __TI_enable_exit_profile_output
ffffffff  __TI_pprof_out_hndl            
ffffffff  __TI_prof_data_size            
ffffffff  __TI_prof_data_start           
00000000  __TI_static_base__             
00000e29  __aeabi_memcpy                 
00000e29  __aeabi_memcpy4                
00000e29  __aeabi_memcpy8                
ffffffff  __binit__                      
ffffffff  __c_args__                     
000010db  __mpu_init                     
20000000  __stack                        
00001091  _args_main                     
00000f9d  _c_int00                       
20000278  _lock                          
000010b7  _nop                           
000010af  _register_lock                 
000010a9  _register_unlock               
000010dd  _system_post_cinit             
000010d7  _system_pre_init               
2000027c  _unlock                        
00000ff5  abort                          
ffffffff  binit                          
00001045  copy_in                        
2000021c  delayCounter                   
20000228  distance0X                     
20000230  distance0Y                     
2000022c  distance1X                     
20000234  distance1Y                     
20000200  done                           
20000238  errorX                         
00000ffd  exit                           
20000204  first                          
20000214  fullPulse                      
00000000  g_pfnVectors                   
000006f5  getPositionX                   
00000835  getPositionY                   
00000567  getSensor                      
00000599  getSensorAngle                 
20000210  ind                            
00000961  itoa                           
2000025c  lastChangeX                    
20000260  lastChangeY                    
20000264  limit                          
00000a0d  main                           
20000280  main_func_sp                   
00000e29  memcpy                         
00000621  min                            
20000250  move                           
20000240  moveCounter                    
20000254  oldDistX                       
20000258  oldDistY                       
20000220  periodCounter                  
20000248  posMotorX                      
2000024c  posMotorY                      
2000023c  position                       
2000020c  pulse                          
20000208  pulseWidth                     
20000268  sendBoi                        
000005d9  sendPulse                      
20000244  sender                         
20000218  senderCounter                  
000002d3  setServoX                      
0000030d  setServoY                      
20000225  startDelay                     
20000224  startSend                      


GLOBAL SYMBOLS: SORTED BY Symbol Address 

address   name                           
-------   ----                           
00000000  __TI_static_base__             
00000000  g_pfnVectors                   
00000200  __STACK_SIZE                   
0000026d  PLLInit                        
000002d3  setServoX                      
0000030d  setServoY                      
00000347  Timer1A_Init                   
000003ab  Timer2A_Init                   
0000040f  TimerInit                      
00000475  Init                           
00000513  Timer0A_Handler                
00000567  getSensor                      
00000599  getSensorAngle                 
000005d9  sendPulse                      
00000621  min                            
000006f5  getPositionX                   
00000835  getPositionY                   
00000961  itoa                           
00000a0d  main                           
00000bb1  SetupSerial                    
00000c0f  SerialWrite                    
00000c41  SerialWriteLine                
00000c71  SerialWriteInt                 
00000d15  SystickInit                    
00000d31  SysTick_Wait                   
00000d51  SysTick_Wait10ms               
00000d77  SysTick_Wait1ms                
00000d9d  SysTick_Wait100microsec        
00000dc5  SysTick_Wait10microsec         
00000ded  SysTick_Wait1microsec          
00000e29  __aeabi_memcpy                 
00000e29  __aeabi_memcpy4                
00000e29  __aeabi_memcpy8                
00000e29  memcpy                         
00000ec5  __TI_auto_init                 
00000f35  __TI_decompress_lzss           
00000f9d  _c_int00                       
00000ff1  C$$EXIT                        
00000ff5  abort                          
00000ffd  exit                           
00001045  copy_in                        
00001091  _args_main                     
000010a9  _register_unlock               
000010af  _register_lock                 
000010b7  _nop                           
000010bd  __TI_decompress_none           
000010cb  ResetISR                       
000010d7  _system_pre_init               
000010db  __mpu_init                     
000010dd  _system_post_cinit             
00001124  __TI_Handler_Table_Base        
0000112c  __TI_CINIT_Base                
0000112c  __TI_Handler_Table_Limit       
00001134  __TI_CINIT_Limit               
20000000  __stack                        
20000200  __STACK_END                    
20000200  __STACK_TOP                    
20000200  done                           
20000204  first                          
20000208  pulseWidth                     
2000020c  pulse                          
20000210  ind                            
20000214  fullPulse                      
20000218  senderCounter                  
2000021c  delayCounter                   
20000220  periodCounter                  
20000224  startSend                      
20000225  startDelay                     
20000228  distance0X                     
2000022c  distance1X                     
20000230  distance0Y                     
20000234  distance1Y                     
20000238  errorX                         
2000023c  position                       
20000240  moveCounter                    
20000244  sender                         
20000248  posMotorX                      
2000024c  posMotorY                      
20000250  move                           
20000254  oldDistX                       
20000258  oldDistY                       
2000025c  lastChangeX                    
20000260  lastChangeY                    
20000264  limit                          
20000268  sendBoi                        
2000026c  __TI_cleanup_ptr               
20000270  __TI_dtors_ptr                 
20000274  __TI_enable_exit_profile_output
20000278  _lock                          
2000027c  _unlock                        
20000280  main_func_sp                   
ffffffff  __TI_pprof_out_hndl            
ffffffff  __TI_prof_data_size            
ffffffff  __TI_prof_data_start           
ffffffff  __binit__                      
ffffffff  __c_args__                     
ffffffff  binit                          
UNDEFED   SHT$$INIT_ARRAY$$Base          
UNDEFED   SHT$$INIT_ARRAY$$Limit         

[99 symbols]
